// Jest Snapshot v1, https://goo.gl/fbAQLP

exports[`renders correctly 1`] = `
<ol
  aria-label="ui-label-breadcrumb"
  className="m-[0px_0px_16px] flex items-center overflow-auto whitespace-nowrap p-0 text-[#afafaf]"
  data-testid="ui-breadcrumb"
/>
`;

exports[`renders correctly 2`] = `
<ol
  aria-label="ui-label-breadcrumb"
  className="m-[0px_0px_16px] flex items-center overflow-auto whitespace-nowrap p-0 text-[#afafaf]"
  data-testid="ui-breadcrumb"
>
  <li
    className="inline text-sm font-medium leading-4 last-of-type:text-[#000]"
  >
    <a
      aria-label="ui-bc-link"
      className=""
      data-testid="component-link"
      href="/"
      onClick={[Function]}
      onMouseEnter={[Function]}
      onTouchStart={[Function]}
    >
      Country
    </a>
  </li>
  <div
    className="m-0 flex-shrink-0 h-[1px] w-1 md:w-2"
    data-testid="ui-spacer"
  />
  <svg
    aria-hidden="true"
    className="icon_breadcrumb"
    focusable="false"
    viewBox="0 0 24 24"
  >
    <path
      d="M10.9 12l4.6 6h-3.8l-4.6-6 4.6-6h3.8l-4.6 6z"
    />
  </svg>
  <div
    className="m-0 flex-shrink-0 h-[1px] w-1 md:w-2"
    data-testid="ui-spacer"
  />
  <li
    className="inline text-sm font-medium leading-4 last-of-type:text-[#000]"
  >
    <a
      aria-label="ui-bc-link"
      className=""
      data-testid="component-link"
      href="/region"
      onClick={[Function]}
      onMouseEnter={[Function]}
      onTouchStart={[Function]}
    >
      Region
    </a>
  </li>
  <div
    className="m-0 flex-shrink-0 h-[1px] w-1 md:w-2"
    data-testid="ui-spacer"
  />
  <svg
    aria-hidden="true"
    className="icon_breadcrumb"
    focusable="false"
    viewBox="0 0 24 24"
  >
    <path
      d="M10.9 12l4.6 6h-3.8l-4.6-6 4.6-6h3.8l-4.6 6z"
    />
  </svg>
  <div
    className="m-0 flex-shrink-0 h-[1px] w-1 md:w-2"
    data-testid="ui-spacer"
  />
  <li
    className="inline text-sm font-medium leading-4 last-of-type:text-[#000]"
  >
    <a
      aria-label="ui-bc-link"
      className=""
      data-testid="component-link"
      href="/city"
      onClick={[Function]}
      onMouseEnter={[Function]}
      onTouchStart={[Function]}
    >
      City
    </a>
  </li>
</ol>
`;
